// Jest Snapshot v1, https://goo.gl/fbAQLP

exports[`React Router -> When initializing the Router, Sidebar component is shown #reactRouter 1`] = `
<BrowserRouter>
  <Connect(Sidebar) />
  <Switch>
    <Route
      exact={true}
      path="/"
    >
      <Redirect
        push={true}
        to="/dashboard"
      />
    </Route>
    <Route
      component={[Function]}
      path="/icons"
    />
    <Route
      component={[Function]}
      path="/maps"
    />
    <Route
      component={[Function]}
      path="/notifications"
    />
    <Route
      component={[Function]}
      path="/profile"
    />
    <Route
      component={[Function]}
      path="/tableList"
    />
    <Route
      component={[Function]}
      path="/typography"
    />
    <Route
      component={
        Object {
          "$$typeof": Symbol(react.memo),
          "WrappedComponent": [Function],
          "compare": null,
          "displayName": "Connect(Dashboard)",
          "type": [Function],
        }
      }
      path="/dashboard"
    />
  </Switch>
</BrowserRouter>
`;
