// Jest Snapshot v1, https://goo.gl/fbAQLP

exports[`Redux Store -> Store initializes properly #reduxStore 1`] = `
Object {
  "dispatch": [Function],
  "getState": [Function],
  "replaceReducer": [Function],
  "subscribe": [Function],
  Symbol(observable): [Function],
}
`;

exports[`Redux Store -> Theme Color Reducer -> When setAccentColor dispatch is sent, an action item is generated #reduxStore 1`] = `
Object {
  "payload": "red",
  "type": "themeColor/setAccent",
}
`;

exports[`Redux Store -> Theme Color Reducer -> When setPrimaryColor dispatch is sent, an action item is generated #reduxStore 1`] = `
Object {
  "payload": "green",
  "type": "themeColor/setPrimary",
}
`;

exports[`Redux Store -> Theme Color Reducer -> When toggleDark dispatch is sent, an action item is generated #reduxStore 1`] = `
Object {
  "payload": undefined,
  "type": "themeColor/toggle",
}
`;
